C:/Users/HP/STM32Cube/Repository/STM32Cube_FW_F4_V1.24.1/Drivers/STM32F4xx_HAL_Driver/Src/stm32f4xx_hal_rcc.c:202:26:HAL_RCC_DeInit	4	static
C:/Users/HP/STM32Cube/Repository/STM32Cube_FW_F4_V1.24.1/Drivers/STM32F4xx_HAL_Driver/Src/stm32f4xx_hal_rcc.c:221:26:HAL_RCC_OscConfig	32	static
C:/Users/HP/STM32Cube/Repository/STM32Cube_FW_F4_V1.24.1/Drivers/STM32F4xx_HAL_Driver/Src/stm32f4xx_hal_rcc.c:565:19:HAL_RCC_ClockConfig	24	static
C:/Users/HP/STM32Cube/Repository/STM32Cube_FW_F4_V1.24.1/Drivers/STM32F4xx_HAL_Driver/Src/stm32f4xx_hal_rcc.c:749:6:HAL_RCC_MCOConfig	56	static
C:/Users/HP/STM32Cube/Repository/STM32Cube_FW_F4_V1.24.1/Drivers/STM32F4xx_HAL_Driver/Src/stm32f4xx_hal_rcc.c:815:6:HAL_RCC_EnableCSS	4	static
C:/Users/HP/STM32Cube/Repository/STM32Cube_FW_F4_V1.24.1/Drivers/STM32F4xx_HAL_Driver/Src/stm32f4xx_hal_rcc.c:824:6:HAL_RCC_DisableCSS	4	static
C:/Users/HP/STM32Cube/Repository/STM32Cube_FW_F4_V1.24.1/Drivers/STM32F4xx_HAL_Driver/Src/stm32f4xx_hal_rcc.c:859:17:HAL_RCC_GetSysClockFreq	96	static
C:/Users/HP/STM32Cube/Repository/STM32Cube_FW_F4_V1.24.1/Drivers/STM32F4xx_HAL_Driver/Src/stm32f4xx_hal_rcc.c:915:10:HAL_RCC_GetHCLKFreq	4	static
C:/Users/HP/STM32Cube/Repository/STM32Cube_FW_F4_V1.24.1/Drivers/STM32F4xx_HAL_Driver/Src/stm32f4xx_hal_rcc.c:926:10:HAL_RCC_GetPCLK1Freq	8	static
C:/Users/HP/STM32Cube/Repository/STM32Cube_FW_F4_V1.24.1/Drivers/STM32F4xx_HAL_Driver/Src/stm32f4xx_hal_rcc.c:938:10:HAL_RCC_GetPCLK2Freq	8	static
C:/Users/HP/STM32Cube/Repository/STM32Cube_FW_F4_V1.24.1/Drivers/STM32F4xx_HAL_Driver/Src/stm32f4xx_hal_rcc.c:951:13:HAL_RCC_GetOscConfig	16	static
C:/Users/HP/STM32Cube/Repository/STM32Cube_FW_F4_V1.24.1/Drivers/STM32F4xx_HAL_Driver/Src/stm32f4xx_hal_rcc.c:1030:6:HAL_RCC_GetClockConfig	16	static
C:/Users/HP/STM32Cube/Repository/STM32Cube_FW_F4_V1.24.1/Drivers/STM32F4xx_HAL_Driver/Src/stm32f4xx_hal_rcc.c:1056:6:HAL_RCC_NMI_IRQHandler	8	static
C:/Users/HP/STM32Cube/Repository/STM32Cube_FW_F4_V1.24.1/Drivers/STM32F4xx_HAL_Driver/Src/stm32f4xx_hal_rcc.c:1073:13:HAL_RCC_CSSCallback	4	static
